==========================================================
Project 2: K-Means Clustering Experiment Suite
Execution Date: Sat Feb 28 06:47:58 UTC 2026
==========================================================
>>> Running 2_2a (Task2_2a)...
Done. Duration: 0 seconds.
Output saved to: /user/ds503/output_2_2a
----------------------------------------------------------
>>> Running 2_2b (Task2_2b)...
Done. Duration: 0 seconds.
Output saved to: /user/ds503/output_2_2b
----------------------------------------------------------
>>> Running 2_2c (Task2_2c)...
Done. Duration: 0 seconds.
Output saved to: /user/ds503/output_2_2c
----------------------------------------------------------
>>> Running 2_2d (Task2_2d)...
Done. Duration: 0 seconds.
Output saved to: /user/ds503/output_2_2d
----------------------------------------------------------
>>> Running 2_2e (Task2_2e)...
Done. Duration: 1 seconds.
Output saved to: /user/ds503/output_2_2e
----------------------------------------------------------
